#-----------------------------------------------------------
# Vivado v2018.3 (64-bit)
# SW Build 2405991 on Thu Dec  6 23:38:27 MST 2018
# IP Build 2404404 on Fri Dec  7 01:43:56 MST 2018
# Start of session at: Sun Dec 14 12:38:35 2025
# Process ID: 65848
# Current directory: D:/TJU/tju-digital-design/lab02
# Command line: vivado.exe -gui_launcher_event rodinguilauncherevent65376 D:\TJU\tju-digital-design\lab02\UART.xpr
# Log file: D:/TJU/tju-digital-design/lab02/vivado.log
# Journal file: D:/TJU/tju-digital-design/lab02\vivado.jou
#-----------------------------------------------------------
start_gui
open_project D:/TJU/tju-digital-design/lab02/UART.xpr
update_compile_order -fileset sources_1
set_property -name {xsim.simulate.log_all_signals} -value {true} -objects [get_filesets sim_1]
set_property -name {xsim.simulate.saif_all_signals} -value {true} -objects [get_filesets sim_1]
# Disabling source management mode.  This is to allow the top design properties to be set without GUI intervention.
set_property source_mgmt_mode None [current_project]
set_property top tb_async_transmitter [get_filesets sim_1]
set_property top_lib xil_defaultlib [get_filesets sim_1]
# Re-enabling previously disabled source management mode.
set_property source_mgmt_mode All [current_project]
update_compile_order -fileset sim_1
launch_simulation
source tb_async_transmitter.tcl
update_compile_order -fileset sources_1
close_sim
launch_simulation
source tb_async_transmitter.tcl
close_sim
launch_simulation
source tb_async_transmitter.tcl
